Device.Cellular.                                                                                     proto::cellular-manager
Device.Cellular.AccessPoint.{i}.                                                                     proto::cellular-manager
Device.Cellular.AccessPoint.{i}.APN                                                                  proto::cellular-manager
Device.Cellular.AccessPoint.{i}.Alias                                                                proto::cellular-manager
Device.Cellular.AccessPoint.{i}.Enable                                                               proto::cellular-manager
Device.Cellular.AccessPoint.{i}.Interface                                                            proto::cellular-manager
Device.Cellular.AccessPoint.{i}.Password                                                             proto::cellular-manager
Device.Cellular.AccessPoint.{i}.Proxy                                                                proto::cellular-manager
Device.Cellular.AccessPoint.{i}.ProxyPort                                                            proto::cellular-manager
Device.Cellular.AccessPoint.{i}.Username                                                             proto::cellular-manager
Device.Cellular.AccessPoint.{i}.IPVersion                                                            proto::cellular-manager
Device.Cellular.AccessPoint.{i}.Type                                                                 proto::cellular-manager
Device.Cellular.AccessPointNumberOfEntries                                                           proto::cellular-manager
Device.Cellular.Interface.{i}.                                                                       proto::cellular-manager
Device.Cellular.Interface.{i}.Alias                                                                  proto::cellular-manager
Device.Cellular.Interface.{i}.AvailableNetworks                                                      proto::cellular-manager
Device.Cellular.Interface.{i}.CurrentAccessTechnology                                                proto::cellular-manager
Device.Cellular.Interface.{i}.DownstreamMaxBitRate                                                   proto::cellular-manager
Device.Cellular.Interface.{i}.Enable                                                                 proto::cellular-manager
Device.Cellular.Interface.{i}.IMEI                                                                   proto::cellular-manager
Device.Cellular.Interface.{i}.LastChange                                                             proto::cellular-manager
Device.Cellular.Interface.{i}.LowerLayers                                                            proto::cellular-manager
Device.Cellular.Interface.{i}.Name                                                                   proto::cellular-manager
Device.Cellular.Interface.{i}.NetworkInUse                                                           proto::cellular-manager
Device.Cellular.Interface.{i}.NetworkRequested                                                       proto::cellular-manager
Device.Cellular.Interface.{i}.PreferredAccessTechnology                                              proto::cellular-manager
Device.Cellular.Interface.{i}.RSRP                                                                   proto::cellular-manager
Device.Cellular.Interface.{i}.RSRQ                                                                   proto::cellular-manager
Device.Cellular.Interface.{i}.RSSI                                                                   proto::cellular-manager
Device.Cellular.Interface.{i}.Stats.                                                                 proto::cellular-manager
Device.Cellular.Interface.{i}.Stats.BroadcastPacketsReceived                                         proto::cellular-manager
Device.Cellular.Interface.{i}.Stats.BroadcastPacketsSent                                             proto::cellular-manager
Device.Cellular.Interface.{i}.Stats.BytesReceived                                                    proto::cellular-manager
Device.Cellular.Interface.{i}.Stats.BytesSent                                                        proto::cellular-manager
Device.Cellular.Interface.{i}.Stats.DiscardPacketsReceived                                           proto::cellular-manager
Device.Cellular.Interface.{i}.Stats.DiscardPacketsSent                                               proto::cellular-manager
Device.Cellular.Interface.{i}.Stats.ErrorsReceived                                                   proto::cellular-manager
Device.Cellular.Interface.{i}.Stats.ErrorsSent                                                       proto::cellular-manager
Device.Cellular.Interface.{i}.Stats.MulticastPacketsReceived                                         proto::cellular-manager
Device.Cellular.Interface.{i}.Stats.MulticastPacketsSent                                             proto::cellular-manager
Device.Cellular.Interface.{i}.Stats.PacketsReceived                                                  proto::cellular-manager
Device.Cellular.Interface.{i}.Stats.PacketsSent                                                      proto::cellular-manager
Device.Cellular.Interface.{i}.Stats.UnicastPacketsReceived                                           proto::cellular-manager
Device.Cellular.Interface.{i}.Stats.UnicastPacketsSent                                               proto::cellular-manager
Device.Cellular.Interface.{i}.Stats.UnknownProtoPacketsReceived                                      proto::cellular-manager
Device.Cellular.Interface.{i}.Status                                                                 proto::cellular-manager
Device.Cellular.Interface.{i}.SupportedAccessTechnologies                                            proto::cellular-manager
Device.Cellular.Interface.{i}.SMS.                                                                   proto::cellular-manager
Device.Cellular.Interface.{i}.SMS.StorageNumberOfEntries                                             proto::cellular-manager
Device.Cellular.Interface.{i}.SMS.MessageNumberOfEntries                                             proto::cellular-manager
Device.Cellular.Interface.{i}.SMS.Incoming.                                                          proto::cellular-manager
Device.Cellular.Interface.{i}.SMS.Incoming.StorageRef                                                proto::cellular-manager
Device.Cellular.Interface.{i}.SMS.Incoming.CapacityLimit                                             proto::cellular-manager
Device.Cellular.Interface.{i}.SMS.Outgoing.                                                          proto::cellular-manager
Device.Cellular.Interface.{i}.SMS.Outgoing.StorageRef                                                proto::cellular-manager
Device.Cellular.Interface.{i}.SMS.Outgoing.CapacityLimit                                             proto::cellular-manager
Device.Cellular.Interface.{i}.SMS.Storage.{i}.                                                       proto::cellular-manager
Device.Cellular.Interface.{i}.SMS.Storage.{i}.Alias                                                  proto::cellular-manager
Device.Cellular.Interface.{i}.SMS.Storage.{i}.Location                                               proto::cellular-manager
Device.Cellular.Interface.{i}.SMS.Storage.{i}.Capacity                                               proto::cellular-manager
Device.Cellular.Interface.{i}.SMS.Storage.{i}.StorageAvailable                                       proto::cellular-manager
Device.Cellular.Interface.{i}.SMS.Storage.{i}.AvailableCapacity                                      proto::cellular-manager
Device.Cellular.Interface.{i}.SMS.Message.{i}.                                                       proto::cellular-manager
Device.Cellular.Interface.{i}.SMS.Message.{i}.Alias                                                  proto::cellular-manager
Device.Cellular.Interface.{i}.SMS.Message.{i}.TimeStamp                                              proto::cellular-manager
Device.Cellular.Interface.{i}.SMS.Message.{i}.Sender                                                 proto::cellular-manager
Device.Cellular.Interface.{i}.SMS.Message.{i}.Receiver                                               proto::cellular-manager
Device.Cellular.Interface.{i}.SMS.Message.{i}.Text                                                   proto::cellular-manager
Device.Cellular.Interface.{i}.SMS.Message.{i}.StorageRef                                             proto::cellular-manager
Device.Cellular.Interface.{i}.SMS.Message.{i}.Status                                                 proto::cellular-manager
Device.Cellular.Interface.{i}.SMS.Message.{i}.Type                                                   proto::cellular-manager
Device.Cellular.Interface.{i}.Upstream                                                               proto::cellular-manager
Device.Cellular.Interface.{i}.UpstreamMaxBitRate                                                     proto::cellular-manager
Device.Cellular.Interface.{i}.X_PRPLWARE-COM_SignalQualityPollingRate                                proto::cellular-manager
Device.Cellular.InterfaceNumberOfEntries                                                             proto::cellular-manager
Device.Cellular.RoamingEnabled                                                                       proto::cellular-manager
Device.Cellular.RoamingStatus                                                                        proto::cellular-manager
Device.TrustedElements.                                                                              proto::cellular-manager
Device.TrustedElements.SIMNumberOfEntries                                                            proto::cellular-manager
Device.TrustedElements.SIM{i}.                                                                       proto::cellular-manager
Device.TrustedElements.SIM{i}.Alias                                                                  proto::cellular-manager
Device.TrustedElements.SIM{i}.Status                                                                 proto::cellular-manager
Device.TrustedElements.SIM{i}.IMSI                                                                   proto::cellular-manager
Device.TrustedElements.SIM{i}.ICCID                                                                  proto::cellular-manager
Device.TrustedElements.SIM{i}.MSISDN                                                                 proto::cellular-manager
Device.TrustedElements.SIM{i}.SMSC.                                                                  proto::cellular-manager
Device.TrustedElements.SIM{i}.EID                                                                    proto::cellular-manager
Device.TrustedElements.SIM{i}.ESIMProfileAddStatus                                                   proto::cellular-manager
Device.TrustedElements.SIM{i}.ESIMClassEnabledProfile                                                proto::cellular-manager
Device.TrustedElements.SIM{i}.ESIMTestMode                                                           proto::cellular-manager
Device.TrustedElements.SIM{i}.Type                                                                   proto::cellular-manager
Device.TrustedElements.SIM{i}.GID1                                                                   proto::cellular-manager
Device.TrustedElements.SIM{i}.Usage                                                                  proto::cellular-manager
Device.TrustedElements.SIM{i}.HomeNetworkPublicKeyID                                                 proto::cellular-manager
Device.TrustedElements.SIM{i}.PIN                                                                    proto::cellular-manager
Device.TrustedElements.SIM{i}.PINCheck                                                               proto::cellular-manager
Device.TrustedElements.SIM{i}.ProfileNumberOfEntries                                                 proto::cellular-manager
Device.TrustedElements.SIM{i}.ProtectionScheme                                                       proto::cellular-manager
Device.TrustedElements.SIM{i}.RoutingIndicator                                                       proto::cellular-manager
Device.SessionManagement.                                                                            proto::cellular-manager
Device.SessionManagement.PDNNumberOfEntries                                                          proto::cellular-manager
Device.SessionManagement.PDPNumberOfEntries                                                          proto::cellular-manager
Device.SessionManagement.PDUNumberOfEntries                                                          proto::cellular-manager
Device.SessionManagement.SessionNumberOfEntries                                                      proto::cellular-manager
Device.SessionManagement.Session.{i}.                                                                proto::cellular-manager
Device.SessionManagement.Session.{i}.APN                                                             proto::cellular-manager
Device.SessionManagement.Session.{i}.Alias                                                           proto::cellular-manager
Device.SessionManagement.Session.{i}.Enable                                                          proto::cellular-manager
Device.SessionManagement.Session.{i}.IPv4AddressNumberOfEntries                                      proto::cellular-manager
Device.SessionManagement.Session.{i}.IPv6AddressNumberOfEntries                                      proto::cellular-manager
Device.SessionManagement.Session.{i}.Interface                                                       proto::cellular-manager
Device.SessionManagement.Session.{i}.LastChange                                                      proto::cellular-manager
Device.SessionManagement.Session.{i}.LowerLayers                                                     proto::cellular-manager
Device.SessionManagement.Session.{i}.Name                                                            proto::cellular-manager
Device.SessionManagement.Session.{i}.Reference                                                       proto::cellular-manager
Device.SessionManagement.Session.{i}.SessionID                                                       proto::cellular-manager
Device.SessionManagement.Session.{i}.SessionType                                                     proto::cellular-manager
Device.SessionManagement.Session.{i}.Status                                                          proto::cellular-manager
Device.SessionManagement.Session.{i}.IPv4Address.{i}.                                                proto::cellular-manager
Device.SessionManagement.Session.{i}.IPv4Address.{i}.Alias                                           proto::cellular-manager
Device.SessionManagement.Session.{i}.IPv4Address.{i}.GatewayIPAddress                                proto::cellular-manager
Device.SessionManagement.Session.{i}.IPv4Address.{i}.IPAddress                                       proto::cellular-manager
Device.SessionManagement.Session.{i}.IPv4Address.{i}.MTU                                             proto::cellular-manager
Device.SessionManagement.Session.{i}.IPv4Address.{i}.SubnetMask                                      proto::cellular-manager
Device.SessionManagement.Session.{i}.IPv6Address.{i}.                                                proto::cellular-manager
Device.SessionManagement.Session.{i}.IPv6Address.{i}.Alias                                           proto::cellular-manager
Device.SessionManagement.Session.{i}.IPv6Address.{i}.IPAddress                                       proto::cellular-manager
Device.SessionManagement.Session.{i}.IPv6Address.{i}.IPPrefix                                        proto::cellular-manager
Device.SessionManagement.Session.{i}.IPv6Address.{i}.MTU                                             proto::cellular-manager
Device.SessionManagement.Session.{i}.IPv6Address.{i}.NextHop                                         proto::cellular-manager
Device.SessionManagement.Session.{i}.PCO.                                                            proto::cellular-manager
Device.SessionManagement.Session.{i}.PCO.IPv4DNS                                                     proto::cellular-manager
Device.SessionManagement.Session.{i}.PCO.IPv4PCSCF                                                   proto::cellular-manager
Device.SessionManagement.Session.{i}.PCO.IPv6DNS                                                     proto::cellular-manager
Device.SessionManagement.Session.{i}.PCO.IPv6PCSCF                                                   proto::cellular-manager
